Resolving dependencies...
Downloading packages...
  clock 1.1.2 (1.1.3 available)
  code_assets 1.2.1 (2.1.0 available)
  cross_file 0.3.5+4 (0.4.0 available)
  cupertino_icons 1.0.9 (2.0.0 available)
  file_selector_linux 0.9.4 (0.9.4+1 available)
  file_selector_macos 0.9.5 (0.9.5+1 available)
  file_selector_windows 0.9.3+5 (0.9.3+6 available)
  google_fonts 8.2.1 (9.0.0 available)
  hooks 2.0.2 (2.2.0 available)
  image_picker_android 0.8.13+17 (0.8.13+25 available)
  image_picker_ios 0.8.13+6 (0.8.13+9 available)
  intl 0.20.2 (0.20.3 available)
  jni 1.0.3 (1.1.0 available)
  jni_flutter 1.0.2 (1.0.3 available)
  matcher 0.12.18 (0.12.20 available)
  material_color_utilities 0.13.0 (0.13.1 available)
  meta 1.17.0 (1.19.0 available)
  mime 2.0.0 (2.1.0 available)
  objective_c 9.5.0 (9.6.2 available)
  platform 3.1.6 (3.2.0 available)
  pub_semver 2.2.0 (2.2.1 available)
  record_use 0.6.0 (1.1.1 available)
  shared_preferences_android 2.4.23 (2.4.28 available)
  shared_preferences_foundation 2.5.6 (2.5.7 available)
  stack_trace 1.12.1 (1.12.2 available)
  test_api 0.7.9 (0.7.14 available)
  vector_math 2.2.0 (2.4.3 available)
  yaml 3.1.3 (3.1.4 available)
Got dependencies!
28 packages have newer versions incompatible with dependency constraints.
Try `flutter pub outdated` for more information.
00:00 +0: loading /app/test/food_form_page_test.dart
00:00 +0: /app/test/food_form_page_test.dart: FoodFormPage renders add mode correctly
00:01 +1: /app/test/surprise_me_test.dart: Surprise Me button fetches new quote and updates UI
00:01 +2: /app/test/surprise_me_test.dart: Surprise Me button fetches new quote and updates UI
00:02 +3: /app/test/surprise_me_test.dart: Surprise Me button fetches new quote and updates UI
00:03 +4: /app/test/food_form_page_test.dart: FoodFormPage saves food successfully and pops
00:03 +5: /app/test/surprise_me_test.dart: Surprise Me displays fallback message on API error
00:04 +6: /app/test/api_service_test.dart: ApiService Tests fetchQuote returns quote when call is successful
00:04 +7: /app/test/api_service_test.dart: ApiService Tests fetchQuote throws exception on error
00:04 +8: /app/test/api_service_test.dart: ApiService Tests fetchQuote throws exception on network error
00:04 +9: /app/test/api_service_test.dart: ApiService Tests fetchRandomRecipe returns meal when call is successful
00:04 +10: /app/test/api_service_test.dart: ApiService Tests fetchRandomRecipe throws exception on error
00:04 +11: /app/test/features_test.dart: Project Features Verification Diet Data Integrity
00:05 +12: /app/test/random_recipe_test.dart: RandomRecipePage shows loading indicator initially
00:05 +13: /app/test/random_recipe_test.dart: RandomRecipePage shows loading indicator initially
00:05 +14: /app/test/random_recipe_test.dart: RandomRecipePage shows loading indicator initially
00:05 +15: /app/test/random_recipe_test.dart: RandomRecipePage shows loading indicator initially
00:06 +16: /app/test/random_recipe_test.dart: RandomRecipePage shows loading indicator initially
00:06 +17: /app/test/random_recipe_test.dart: RandomRecipePage shows loading indicator initially
00:06 +18: /app/test/random_recipe_test.dart: RandomRecipePage shows loading indicator initially
00:06 +19: /app/test/random_recipe_test.dart: RandomRecipePage shows loading indicator initially
00:06 +20: /app/test/random_recipe_test.dart: RandomRecipePage shows loading indicator initially
00:06 +21: /app/test/random_recipe_test.dart: RandomRecipePage shows loading indicator initially
00:06 +22: /app/test/random_recipe_test.dart: RandomRecipePage shows loading indicator initially
00:06 +23: /app/test/random_recipe_test.dart: RandomRecipePage displays recipe details when API call is successful
00:06 +24: /app/test/random_recipe_test.dart: RandomRecipePage displays error message and retry button on failure
00:06 +25: /app/test/random_recipe_test.dart: RandomRecipePage retry button triggers new fetch
00:07 +26: /app/test/food_catalog_page_test.dart: FoodCatalogPage displays empty state when no foods exist
00:08 +27: /app/test/meal_logic_test.dart: MealData Tests Breakfast options should not be empty
00:08 +28: /app/test/food_catalog_page_test.dart: FoodCatalogPage displays food items correctly
00:08 +29: /app/test/food_catalog_page_test.dart: FoodCatalogPage displays food items correctly
00:08 +30: /app/test/meal_logic_test.dart: MealData Tests Dinner options should not be empty
00:08 +31: /app/test/food_catalog_page_test.dart: FoodCatalogPage delete button shows dialog and deletes item
00:08 +32: /app/test/food_catalog_page_test.dart: FoodCatalogPage delete button shows dialog and deletes item
00:09 +33: /app/test/food_catalog_page_test.dart: FoodCatalogPage delete button shows dialog and deletes item
00:09 +34: /app/test/food_catalog_page_test.dart: FoodCatalogPage delete button shows dialog and deletes item
00:09 +35: /app/test/shopping_list_test.dart: ShoppingListView Widget Tests Displays aggregated ingredients correctly
00:11 +36: /app/test/widget_test.dart: App smoke test
00:11 +37: /app/test/widget_test.dart: App smoke test
00:11 +38: /app/test/widget_test.dart: App smoke test
00:13 +39: /app/test/navigation_test.dart: Navigation to BMI Calculator Page via Tools Tab
00:13 +40: /app/test/navigation_test.dart: Navigation to BMI Calculator Page via Tools Tab
00:15 +41: /app/test/random_recipe_lifecycle_test.dart: RandomRecipePage does NOT dispose injected ApiService
00:16 +42: /app/test/navigation_test.dart: Navigation to Shopping List via Tab
00:17 +43: /app/test/food_service_test.dart: FoodService Tests getFoods returns empty list initially
00:17 +44: /app/test/food_service_test.dart: FoodService Tests saveFood saves a new food item
00:17 +45: /app/test/food_service_test.dart: FoodService Tests saveFood updates an existing food item
00:17 +46: /app/test/food_service_test.dart: FoodService Tests deleteFood removes a food item
00:18 +47: /app/test/food_item_test.dart: FoodItem Tests toJson returns correct map
00:18 +48: /app/test/food_item_test.dart: FoodItem Tests fromJson creates correct object
00:18 +49: /app/test/food_item_test.dart: FoodItem Tests copyWith updates fields correctly
00:18 +50: All tests passed!
